// Bun Snapshot v1, https://goo.gl/fbAQLP

exports[`Button Snapshot 1`] = `"<button type="button" class="rounded-md outline-none text-white bg-black hover:bg-neutral-900 dark:bg-white dark:text-black dark:hover:bg-neutral-100 text-base px-2 py-1" data-rac="" id="react-aria-:R0:">Click me</button>"`;
