// Bun Snapshot v1, https://goo.gl/fbAQLP

exports[`Button Snapshot 1`] = `"<button type="button" class="rounded-md outline-none text-white bg-black hover:bg-neutral-900 dark:bg-white dark:text-black dark:hover:bg-neutral-100 text-base px-2 py-1" data-rac="" id="react-aria-:R0:">Button</button>"`;

exports[`Button Snapshot 2`] = `"<button type="button" class="rounded-md outline-none border box-border text-black bg-white hover:bg-neutral-100 dark:bg-neutral-900 dark:text-white dark:border-neutral-800 dark:hover:bg-neutral-800 text-base px-2 py-1" data-rac="" id="react-aria-:R0:">Button</button>"`;

exports[`Button Snapshot 3`] = `"<button type="button" class="rounded-md outline-none text-white bg-black hover:bg-neutral-900 dark:bg-white dark:text-black dark:hover:bg-neutral-100 text-sm px-2 py-1" data-rac="" id="react-aria-:R0:">Button</button>"`;

exports[`Button Snapshot 4`] = `"<button type="button" class="rounded-md outline-none text-white bg-black hover:bg-neutral-900 dark:bg-white dark:text-black dark:hover:bg-neutral-100 text-lg px-2 py-1" data-rac="" id="react-aria-:R0:">Button</button>"`;
