// Vitest Snapshot v1, https://vitest.dev/guide/snapshot.html

exports[`Typography Snapshot 1`] = `"<h1>Typography Snapshot</h1>"`;

exports[`Typography Snapshot 2`] = `"<h2>Typography Snapshot</h2>"`;

exports[`Typography Snapshot 3`] = `"<h3>Typography Snapshot</h3>"`;

exports[`Typography Snapshot 4`] = `"<h4>Typography Snapshot</h4>"`;

exports[`Typography Snapshot 5`] = `"<h5>Typography Snapshot</h5>"`;

exports[`Typography Snapshot 6`] = `"<h6>Typography Snapshot</h6>"`;

exports[`Typography Snapshot 7`] = `"<p>Typography Snapshot</p>"`;
