// Vitest Snapshot v1, https://vitest.dev/guide/snapshot.html

exports[`ToggleButton Snapshot 1`] = `"<h1>Heading1</h1>"`;

exports[`ToggleButton Snapshot 2`] = `"<h2>Heading2</h2>"`;

exports[`ToggleButton Snapshot 3`] = `"<h3>Heading3</h3>"`;

exports[`ToggleButton Snapshot 4`] = `"<h4>Heading4</h4>"`;

exports[`ToggleButton Snapshot 5`] = `"<h5>Heading5</h5>"`;

exports[`ToggleButton Snapshot 6`] = `"<h6>Heading6</h6>"`;
